------------------------------------------------------------
TimeQuest Timing Analyzer Summary
------------------------------------------------------------

Type  : Slow 1200mV 85C Model Setup 'clk_400Hz'
Slack : -3.039
TNS   : -52.879

Type  : Slow 1200mV 85C Model Setup 'clk_50Mhz'
Slack : -2.647
TNS   : -50.123

Type  : Slow 1200mV 85C Model Setup 'clk_10Hz'
Slack : -2.530
TNS   : -87.681

Type  : Slow 1200mV 85C Model Hold 'clk_50Mhz'
Slack : -2.848
TNS   : -2.848

Type  : Slow 1200mV 85C Model Hold 'clk_400Hz'
Slack : -2.591
TNS   : -2.591

Type  : Slow 1200mV 85C Model Hold 'clk_10Hz'
Slack : 0.404
TNS   : 0.000

Type  : Slow 1200mV 85C Model Minimum Pulse Width 'clk_50Mhz'
Slack : -3.000
TNS   : -29.985

Type  : Slow 1200mV 85C Model Minimum Pulse Width 'clk_10Hz'
Slack : -1.285
TNS   : -96.375

Type  : Slow 1200mV 85C Model Minimum Pulse Width 'clk_400Hz'
Slack : -1.285
TNS   : -73.245

Type  : Slow 1200mV 0C Model Setup 'clk_400Hz'
Slack : -2.699
TNS   : -42.859

Type  : Slow 1200mV 0C Model Setup 'clk_50Mhz'
Slack : -2.340
TNS   : -44.275

Type  : Slow 1200mV 0C Model Setup 'clk_10Hz'
Slack : -2.244
TNS   : -73.286

Type  : Slow 1200mV 0C Model Hold 'clk_50Mhz'
Slack : -2.594
TNS   : -2.594

Type  : Slow 1200mV 0C Model Hold 'clk_400Hz'
Slack : -2.322
TNS   : -2.322

Type  : Slow 1200mV 0C Model Hold 'clk_10Hz'
Slack : 0.354
TNS   : 0.000

Type  : Slow 1200mV 0C Model Minimum Pulse Width 'clk_50Mhz'
Slack : -3.000
TNS   : -29.985

Type  : Slow 1200mV 0C Model Minimum Pulse Width 'clk_10Hz'
Slack : -1.285
TNS   : -96.375

Type  : Slow 1200mV 0C Model Minimum Pulse Width 'clk_400Hz'
Slack : -1.285
TNS   : -73.245

Type  : Fast 1200mV 0C Model Setup 'clk_400Hz'
Slack : -1.013
TNS   : -5.781

Type  : Fast 1200mV 0C Model Setup 'clk_50Mhz'
Slack : -0.749
TNS   : -12.922

Type  : Fast 1200mV 0C Model Setup 'clk_10Hz'
Slack : -0.686
TNS   : -13.508

Type  : Fast 1200mV 0C Model Hold 'clk_50Mhz'
Slack : -1.558
TNS   : -1.558

Type  : Fast 1200mV 0C Model Hold 'clk_400Hz'
Slack : -1.397
TNS   : -1.397

Type  : Fast 1200mV 0C Model Hold 'clk_10Hz'
Slack : 0.181
TNS   : 0.000

Type  : Fast 1200mV 0C Model Minimum Pulse Width 'clk_50Mhz'
Slack : -3.000
TNS   : -25.282

Type  : Fast 1200mV 0C Model Minimum Pulse Width 'clk_10Hz'
Slack : -1.000
TNS   : -75.000

Type  : Fast 1200mV 0C Model Minimum Pulse Width 'clk_400Hz'
Slack : -1.000
TNS   : -57.000

------------------------------------------------------------
