--------------------------------------------------------------------------------------
Timing Analyzer Summary
--------------------------------------------------------------------------------------

Type           : Worst-case tsu
Slack          : N/A
Required Time  : None
Actual Time    : 6.068 ns
From           : reset
To             : CLK_COUNT_400HZ[0]
From Clock     : 
To Clock       : clk_50Mhz
Failed Paths   : 0

Type           : Worst-case tco
Slack          : N/A
Required Time  : None
Actual Time    : 14.717 ns
From           : BCD_SECD0[0]
To             : SEC_LED
From Clock     : clk_50Mhz
To Clock       : 
Failed Paths   : 0

Type           : Worst-case tpd
Slack          : N/A
Required Time  : None
Actual Time    : 9.715 ns
From           : reset
To             : RESET_LED
From Clock     : 
To Clock       : 
Failed Paths   : 0

Type           : Worst-case th
Slack          : N/A
Required Time  : None
Actual Time    : -1.582 ns
From           : reset
To             : CLK_COUNT_10HZ[6]
From Clock     : 
To Clock       : clk_50Mhz
Failed Paths   : 0

Type           : Clock Setup: 'clk_50Mhz'
Slack          : N/A
Required Time  : None
Actual Time    : 150.76 MHz ( period = 6.633 ns )
From           : BCD_MIND0[2]
To             : DATA_BUS_VALUE[2]
From Clock     : clk_50Mhz
To Clock       : clk_50Mhz
Failed Paths   : 0

Type           : Total number of failed paths
Slack          : 
Required Time  : 
Actual Time    : 
From           : 
To             : 
From Clock     : 
To Clock       : 
Failed Paths   : 0

--------------------------------------------------------------------------------------

