PowerPlay Power Analyzer report for spi_loopback
Sat Aug 29 22:32:19 2015
Quartus II 64-Bit Version 15.0.2 Build 153 07/15/2015 SJ Web Edition


---------------------
; Table of Contents ;
---------------------
  1. Legal Notice
  2. Parallel Compilation
  3. PowerPlay Power Analyzer Summary
  4. PowerPlay Power Analyzer Settings
  5. Indeterminate Toggle Rates
  6. Operating Conditions Used
  7. Thermal Power Dissipation by Block
  8. Thermal Power Dissipation by Block Type
  9. Thermal Power Dissipation by Hierarchy
 10. Core Dynamic Thermal Power Dissipation by Clock Domain
 11. Current Drawn from Voltage Supplies Summary
 12. VCCIO Supply Current Drawn by I/O Bank
 13. VCCIO Supply Current Drawn by Voltage
 14. Confidence Metric Details
 15. Signal Activities
 16. PowerPlay Power Analyzer Messages



----------------
; Legal Notice ;
----------------
Copyright (C) 1991-2015 Altera Corporation. All rights reserved.
Your use of Altera Corporation's design tools, logic functions 
and other software and tools, and its AMPP partner logic 
functions, and any output files from any of the foregoing 
(including device programming or simulation files), and any 
associated documentation or information are expressly subject 
to the terms and conditions of the Altera Program License 
Subscription Agreement, the Altera Quartus II License Agreement,
the Altera MegaCore Function License Agreement, or other 
applicable license agreement, including, without limitation, 
that your use is for the sole purpose of programming logic 
devices manufactured by Altera and sold by Altera or its 
authorized distributors.  Please refer to the applicable 
agreement for further details.



+------------------------------------------+
; Parallel Compilation                     ;
+----------------------------+-------------+
; Processors                 ; Number      ;
+----------------------------+-------------+
; Number detected on machine ; 8           ;
; Maximum allowed            ; 4           ;
;                            ;             ;
; Average used               ; 1.00        ;
; Maximum used               ; 4           ;
;                            ;             ;
; Usage by Processor         ; % Time Used ;
;     Processor 1            ; 100.0%      ;
;     Processors 2-4         ; < 0.1%      ;
;     Processors 5-8         ;   0.0%      ;
+----------------------------+-------------+


+-------------------------------------------------------------------------------------------+
; PowerPlay Power Analyzer Summary                                                          ;
+----------------------------------------+--------------------------------------------------+
; PowerPlay Power Analyzer Status        ; Successful - Sat Aug 29 22:32:19 2015            ;
; Quartus II 64-Bit Version              ; 15.0.2 Build 153 07/15/2015 SJ Web Edition       ;
; Revision Name                          ; spi_loopback                                     ;
; Top-level Entity Name                  ; spi_loopback                                     ;
; Family                                 ; Cyclone IV E                                     ;
; Device                                 ; EP4CE115F29C7                                    ;
; Power Models                           ; Final                                            ;
; Total Thermal Power Dissipation        ; 219.85 mW                                        ;
; Core Dynamic Thermal Power Dissipation ; 17.44 mW                                         ;
; Core Static Thermal Power Dissipation  ; 98.74 mW                                         ;
; I/O Thermal Power Dissipation          ; 103.67 mW                                        ;
; Power Estimation Confidence            ; Low: user provided insufficient toggle rate data ;
+----------------------------------------+--------------------------------------------------+


+------------------------------------------------------------------------------------------------------------------------------------+
; PowerPlay Power Analyzer Settings                                                                                                  ;
+----------------------------------------------------------------------------+---------------------------------------+---------------+
; Option                                                                     ; Setting                               ; Default Value ;
+----------------------------------------------------------------------------+---------------------------------------+---------------+
; Maximum processors allowed for parallel compilation                        ; All                                   ;               ;
; Use smart compilation                                                      ; Off                                   ; Off           ;
; Enable parallel Assembler and TimeQuest Timing Analyzer during compilation ; On                                    ; On            ;
; Enable compact report table                                                ; Off                                   ; Off           ;
; Preset Cooling Solution                                                    ; 23 MM HEAT SINK WITH 200 LFPM AIRFLOW ;               ;
; Board thermal model                                                        ; None (CONSERVATIVE)                   ;               ;
; Default Power Toggle Rate                                                  ; 12.5%                                 ; 12.5%         ;
; Default Power Input I/O Toggle Rate                                        ; 12.5%                                 ; 12.5%         ;
; Use vectorless estimation                                                  ; On                                    ; On            ;
; Use Input Files                                                            ; Off                                   ; Off           ;
; Filter Glitches in VCD File Reader                                         ; On                                    ; On            ;
; Power Analyzer Report Signal Activity                                      ; Off                                   ; Off           ;
; Power Analyzer Report Power Dissipation                                    ; Off                                   ; Off           ;
; Device Power Characteristics                                               ; TYPICAL                               ; TYPICAL       ;
; Automatically Compute Junction Temperature                                 ; On                                    ; On            ;
; Specified Junction Temperature                                             ; 25                                    ; 25            ;
; Ambient Temperature                                                        ; 25                                    ; 25            ;
; Use Custom Cooling Solution                                                ; Off                                   ; Off           ;
; Board Temperature                                                          ; 25                                    ; 25            ;
+----------------------------------------------------------------------------+---------------------------------------+---------------+


+--------------------------------------------+
; Indeterminate Toggle Rates                 ;
+--------------+-----------------------------+
; Node         ; Reason                      ;
+--------------+-----------------------------+
; s_spi_ssel_i ; No valid clock domain found ;
+--------------+-----------------------------+


+-------------------------------------------------------------------------+
; Operating Conditions Used                                               ;
+---------------------------------------------+---------------------------+
; Setting                                     ; Value                     ;
+---------------------------------------------+---------------------------+
; Device power characteristics                ; Typical                   ;
;                                             ;                           ;
; Voltages                                    ;                           ;
;     VCCINT                                  ; 1.20 V                    ;
;     VCCA                                    ; 2.50 V                    ;
;     VCCD                                    ; 1.20 V                    ;
;     2.5 V I/O Standard                      ; 2.5 V                     ;
;                                             ;                           ;
; Auto computed junction temperature          ; 26.4 degrees Celsius      ;
;     Ambient temperature                     ; 25.0 degrees Celsius      ;
;     Junction-to-Case thermal resistance     ; 3.90 degrees Celsius/Watt ;
;     Case-to-Heat Sink thermal resistance    ; 0.10 degrees Celsius/Watt ;
;     Heat Sink-to-Ambient thermal resistance ; 2.50 degrees Celsius/Watt ;
;                                             ;                           ;
; Board model used                            ; None                      ;
+---------------------------------------------+---------------------------+


+----------------------------------------------------------------------------------------------------------------------------------------------+
; Thermal Power Dissipation by Block                                                                                                           ;
+------------+------------+---------------------+-----------------------------+--------------------------------+-------------------------------+
; Block Name ; Block Type ; Total Thermal Power ; Block Thermal Dynamic Power ; Block Thermal Static Power (1) ; Routing Thermal Dynamic Power ;
+------------+------------+---------------------+-----------------------------+--------------------------------+-------------------------------+
(1) The "Thermal Power Dissipation by Block" Table has been hidden. To show this table, please select the "Write power dissipation by block to report file" option under "PowerPlay Power Analyzer Settings".


+--------------------------------------------------------------------------------------------------------------------------------------------------------------------------------------------------------------------+
; Thermal Power Dissipation by Block Type                                                                                                                                                                            ;
+---------------------+-----------------------------------+-----------------------------+--------------------------------+-------------------------------+-----------------------------------------------------------+
; Block Type          ; Total Thermal Power by Block Type ; Block Thermal Dynamic Power ; Block Thermal Static Power (1) ; Routing Thermal Dynamic Power ; Block Average Toggle Rate (millions of transitions / sec) ;
+---------------------+-----------------------------------+-----------------------------+--------------------------------+-------------------------------+-----------------------------------------------------------+
; Combinational cell  ; 0.43 mW                           ; 0.30 mW                     ; --                             ; 0.13 mW                       ;   11.471                                                  ;
; Clock control block ; 12.76 mW                          ; 0.00 mW                     ; --                             ; 12.76 mW                      ;  187.500                                                  ;
; Register cell       ; 3.11 mW                           ; 1.93 mW                     ; --                             ; 1.18 mW                       ;   13.520                                                  ;
; I/O                 ; 74.81 mW                          ; 14.70 mW                    ; 58.97 mW                       ; 1.14 mW                       ;   19.576                                                  ;
+---------------------+-----------------------------------+-----------------------------+--------------------------------+-------------------------------+-----------------------------------------------------------+
(1) The "Block Thermal Static Power" for all block types except Pins and the Voltage Regulator, if one exists, is part of the "Core Static Thermal Power Dissipation" value found on the PowerPlay Power Analyzer-->Summary report panel. The "Core Static Thermal Power Dissipation" also contains the thermal static power dissipated by the routing.


+-------------------------------------------------------------------------------------------------------------------------------------------------------------------------------------------------------------------------------------+
; Thermal Power Dissipation by Hierarchy                                                                                                                                                                                              ;
+-------------------------------------+--------------------------------------+---------------------------------+-----------------------------------+-----------------------------------+----------------------------------------------+
; Compilation Hierarchy Node          ; Total Thermal Power by Hierarchy (1) ; Block Thermal Dynamic Power (1) ; Block Thermal Static Power (1)(2) ; Routing Thermal Dynamic Power (1) ; Full Hierarchy Name                          ;
+-------------------------------------+--------------------------------------+---------------------------------+-----------------------------------+-----------------------------------+----------------------------------------------+
; |spi_loopback                       ; 91.11 mW (87.57 mW)                  ; 16.92 mW (14.70 mW)             ; 58.97 mW (58.97 mW)               ; 15.22 mW (13.91 mW)               ; |spi_loopback                                ;
;     |hard_block:auto_generated_inst ; 0.00 mW (0.00 mW)                    ; 0.00 mW (0.00 mW)               ; --                                ; 0.00 mW (0.00 mW)                 ; |spi_loopback|hard_block:auto_generated_inst ;
;     |spi_master:Inst_spi_master     ; 1.76 mW (1.76 mW)                    ; 1.13 mW (1.13 mW)               ; --                                ; 0.62 mW (0.62 mW)                 ; |spi_loopback|spi_master:Inst_spi_master     ;
;     |spi_slave:Inst_spi_slave       ; 1.78 mW (1.78 mW)                    ; 1.09 mW (1.09 mW)               ; --                                ; 0.69 mW (0.69 mW)                 ; |spi_loopback|spi_slave:Inst_spi_slave       ;
+-------------------------------------+--------------------------------------+---------------------------------+-----------------------------------+-----------------------------------+----------------------------------------------+
(1) Value in parentheses is the power consumed at that level of hierarchy. Value not in parentheses is the power consumed at that level of hierarchy plus the power consumed by all levels of hierarchy below it.

(2) The "Block Thermal Static Power" for all levels of hierarchy except the top-level hierarchy is part of the "Core Static Thermal Power Dissipation" value found on the PowerPlay Power Analyzer-->Summary report panel. The "Core Static Thermal Power Dissipation" also contains the thermal static power dissipated by the routing.


+--------------------------------------------------------------------+
; Core Dynamic Thermal Power Dissipation by Clock Domain             ;
+-----------------+-----------------------+--------------------------+
; Clock Domain    ; Clock Frequency (MHz) ; Total Core Dynamic Power ;
+-----------------+-----------------------+--------------------------+
; m_clk_i         ; 125.00                ; 6.50                     ;
; s_spi_sck_i     ; 125.00                ; 4.94                     ;
; s_clk_i         ; 125.00                ; 6.00                     ;
; No clock domain ; 0.00                  ; 0.00                     ;
+-----------------+-----------------------+--------------------------+


+------------------------------------------------------------------------------------------------------------------------------------+
; Current Drawn from Voltage Supplies Summary                                                                                        ;
+----------------+-------------------------+---------------------------+--------------------------+----------------------------------+
; Voltage Supply ; Total Current Drawn (1) ; Dynamic Current Drawn (1) ; Static Current Drawn (1) ; Minimum Power Supply Current (2) ;
+----------------+-------------------------+---------------------------+--------------------------+----------------------------------+
; VCCINT         ; 71.70 mA                ; 17.22 mA                  ; 54.48 mA                 ; 71.70 mA                         ;
; VCCIO          ; 17.03 mA                ; 4.45 mA                   ; 12.59 mA                 ; 17.03 mA                         ;
; VCCA           ; 35.02 mA                ; 0.00 mA                   ; 35.02 mA                 ; 35.02 mA                         ;
; VCCD           ; 2.77 mA                 ; 0.00 mA                   ; 2.77 mA                  ; 2.77 mA                          ;
+----------------+-------------------------+---------------------------+--------------------------+----------------------------------+
(1) Currents reported in columns "Total Current Drawn", "Dynamic Current Drawn", and "Static Current Drawn" are sufficient for user operation of the device.  
(2) Currents reported in column "Minimum Power Supply Current" are sufficient for power-up, configuration, and user operation of the device.


+-----------------------------------------------------------------------------------------------+
; VCCIO Supply Current Drawn by I/O Bank                                                        ;
+----------+---------------+---------------------+-----------------------+----------------------+
; I/O Bank ; VCCIO Voltage ; Total Current Drawn ; Dynamic Current Drawn ; Static Current Drawn ;
+----------+---------------+---------------------+-----------------------+----------------------+
; 1        ; 2.5V          ; 1.59 mA             ; 0.07 mA               ; 1.52 mA              ;
; 2        ; 2.5V          ; 1.92 mA             ; 0.38 mA               ; 1.55 mA              ;
; 3        ; 2.5V          ; 3.64 mA             ; 1.91 mA               ; 1.74 mA              ;
; 4        ; 2.5V          ; 1.53 mA             ; 0.02 mA               ; 1.52 mA              ;
; 5        ; 2.5V          ; 1.50 mA             ; 0.00 mA               ; 1.50 mA              ;
; 6        ; 2.5V          ; 1.50 mA             ; 0.00 mA               ; 1.50 mA              ;
; 7        ; 2.5V          ; 2.26 mA             ; 0.67 mA               ; 1.59 mA              ;
; 8        ; 2.5V          ; 3.07 mA             ; 1.40 mA               ; 1.67 mA              ;
+----------+---------------+---------------------+-----------------------+----------------------+


+-----------------------------------------------------------------------------------------------------------------------------------+
; VCCIO Supply Current Drawn by Voltage                                                                                             ;
+---------------+-------------------------+---------------------------+--------------------------+----------------------------------+
; VCCIO Voltage ; Total Current Drawn (1) ; Dynamic Current Drawn (1) ; Static Current Drawn (1) ; Minimum Power Supply Current (2) ;
+---------------+-------------------------+---------------------------+--------------------------+----------------------------------+
; 2.5V          ; 17.03 mA                ; 4.45 mA                   ; 12.59 mA                 ; 17.03 mA                         ;
+---------------+-------------------------+---------------------------+--------------------------+----------------------------------+
(1) Currents reported in columns "Total Current Drawn", "Dynamic Current Drawn", and "Static Current Drawn" are sufficient for user operation of the device.  
(2) Currents reported in column "Minimum Power Supply Current" are sufficient for power-up, configuration, and user operation of the device.


+--------------------------------------------------------------------------------------------------------------------------------------------------+
; Confidence Metric Details                                                                                                                        ;
+----------------------------------------------------------------------------------------+-------------+------------+--------------+---------------+
; Data Source                                                                            ; Total       ; Pin        ; Registered   ; Combinational ;
+----------------------------------------------------------------------------------------+-------------+------------+--------------+---------------+
; Simulation (from file)                                                                 ;             ;            ;              ;               ;
;     -- Number of signals with Toggle Rate from Simulation                              ; 0 (0.0%)    ; 0 (0.0%)   ; 0 (0.0%)     ; 0 (0.0%)      ;
;     -- Number of signals with Static Probability from Simulation                       ; 0 (0.0%)    ; 0 (0.0%)   ; 0 (0.0%)     ; 0 (0.0%)      ;
;                                                                                        ;             ;            ;              ;               ;
; Node, entity or clock assignment                                                       ;             ;            ;              ;               ;
;     -- Number of signals with Toggle Rate from Node, entity or clock assignment        ; 3 (0.4%)    ; 3 (2.0%)   ; 0 (0.0%)     ; 0 (0.0%)      ;
;     -- Number of signals with Static Probability from Node, entity or clock assignment ; 3 (0.4%)    ; 3 (2.0%)   ; 0 (0.0%)     ; 0 (0.0%)      ;
;                                                                                        ;             ;            ;              ;               ;
; Vectorless estimation                                                                  ;             ;            ;              ;               ;
;     -- Number of signals with Toggle Rate from Vectorless estimation                   ; 724 (90.6%) ; 75 (50.0%) ; 245 (100.0%) ; 404 (100.0%)  ;
;     -- Number of signals with Zero toggle rate, from Vectorless estimation             ; 6 (0.8%)    ; 2 (1.3%)   ; 1 (0.4%)     ; 3 (0.7%)      ;
;     -- Number of signals with Static Probability from Vectorless estimation            ; 724 (90.6%) ; 75 (50.0%) ; 245 (100.0%) ; 404 (100.0%)  ;
;                                                                                        ;             ;            ;              ;               ;
; Default assignment                                                                     ;             ;            ;              ;               ;
;     -- Number of signals with Toggle Rate from Default assignment                      ; 69 (8.6%)   ; 69 (46.0%) ; 0 (0.0%)     ; 0 (0.0%)      ;
;     -- Number of signals with Static Probability from Default assignment               ; 72 (9.0%)   ; 72 (48.0%) ; 0 (0.0%)     ; 0 (0.0%)      ;
;                                                                                        ;             ;            ;              ;               ;
; Assumed 0                                                                              ;             ;            ;              ;               ;
;     -- Number of signals with Toggle Rate assumed 0                                    ; 3 (0.4%)    ; 3 (2.0%)   ; 0 (0.0%)     ; 0 (0.0%)      ;
+----------------------------------------------------------------------------------------+-------------+------------+--------------+---------------+


+---------------------------------------------------------------------------------------------------------------------------------------------+
; Signal Activities                                                                                                                           ;
+--------+------+---------------------------------------------+-------------------------+--------------------+--------------------------------+
; Signal ; Type ; Toggle Rate (millions of transitions / sec) ; Toggle Rate Data Source ; Static Probability ; Static Probability Data Source ;
+--------+------+---------------------------------------------+-------------------------+--------------------+--------------------------------+
(1) The "Signal Activity" Table has been hidden. To show this table, please select the "Write signal activities to report file" option under "PowerPlay Power Analyzer Settings".


+-----------------------------------+
; PowerPlay Power Analyzer Messages ;
+-----------------------------------+
Info: *******************************************************************
Info: Running Quartus II 64-Bit PowerPlay Power Analyzer
    Info: Version 15.0.2 Build 153 07/15/2015 SJ Web Edition
    Info: Processing started: Sat Aug 29 22:32:12 2015
Info: Command: quartus_pow --read_settings_files=on --write_settings_files=off spi_loopback -c spi_loopback
Info (21077): Low junction temperature is 0 degrees C
Info (21077): High junction temperature is 85 degrees C
Info (332104): Reading SDC File: 'spi_loopback.out.sdc'
Info (223000): Starting Vectorless Power Activity Estimation
Warning (222013): Relative toggle rates could not be calculated because no clock domain could be identified for some nodes
Info (223001): Completed Vectorless Power Activity Estimation
Info (218000): Using Advanced I/O Power to simulate I/O buffers with the specified board trace model
Info (334003): Started post-fitting delay annotation
Info (334004): Delay annotation completed successfully
Info (215049): Average toggle rate for this design is 15.186 millions of transitions / sec
Info (215031): Total thermal power estimate for the design is 219.85 mW
Info: Quartus II 64-Bit PowerPlay Power Analyzer was successful. 0 errors, 1 warning
    Info: Peak virtual memory: 793 megabytes
    Info: Processing ended: Sat Aug 29 22:32:19 2015
    Info: Elapsed time: 00:00:07
    Info: Total CPU time (on all processors): 00:00:07


