Analysis & Synthesis report for I2C_TEST
Wed Aug 26 16:44:34 2015
Quartus II 64-Bit Version 15.0.2 Build 153 07/15/2015 SJ Web Edition


---------------------
; Table of Contents ;
---------------------
  1. Legal Notice
  2. Analysis & Synthesis Summary
  3. Analysis & Synthesis Settings
  4. Parallel Compilation
  5. Analysis & Synthesis Source Files Read
  6. Analysis & Synthesis Resource Usage Summary
  7. Analysis & Synthesis Resource Utilization by Entity
  8. State Machine - |I2C_TEST|state_reg
  9. State Machine - |I2C_TEST|I2C_SLAVE:i2cSlave|state_reg
 10. Registers Removed During Synthesis
 11. General Register Statistics
 12. Inverted Register Statistics
 13. Multiplexer Restructuring Statistics (Restructuring Performed)
 14. Parameter Settings for User Entity Instance: I2C_SLAVE:i2cSlave
 15. Port Connectivity Checks: "I2C_SLAVE:i2cSlave"
 16. Post-Synthesis Netlist Statistics for Top Partition
 17. Elapsed Time Per Partition
 18. Analysis & Synthesis Messages



----------------
; Legal Notice ;
----------------
Copyright (C) 1991-2015 Altera Corporation. All rights reserved.
Your use of Altera Corporation's design tools, logic functions 
and other software and tools, and its AMPP partner logic 
functions, and any output files from any of the foregoing 
(including device programming or simulation files), and any 
associated documentation or information are expressly subject 
to the terms and conditions of the Altera Program License 
Subscription Agreement, the Altera Quartus II License Agreement,
the Altera MegaCore Function License Agreement, or other 
applicable license agreement, including, without limitation, 
that your use is for the sole purpose of programming logic 
devices manufactured by Altera and sold by Altera or its 
authorized distributors.  Please refer to the applicable 
agreement for further details.



+---------------------------------------------------------------------------------+
; Analysis & Synthesis Summary                                                    ;
+------------------------------------+--------------------------------------------+
; Analysis & Synthesis Status        ; Successful - Wed Aug 26 16:44:34 2015      ;
; Quartus II 64-Bit Version          ; 15.0.2 Build 153 07/15/2015 SJ Web Edition ;
; Revision Name                      ; I2C_TEST                                   ;
; Top-level Entity Name              ; I2C_TEST                                   ;
; Family                             ; Cyclone IV E                               ;
; Total logic elements               ; 158                                        ;
;     Total combinational functions  ; 152                                        ;
;     Dedicated logic registers      ; 88                                         ;
; Total registers                    ; 88                                         ;
; Total pins                         ; 34                                         ;
; Total virtual pins                 ; 0                                          ;
; Total memory bits                  ; 0                                          ;
; Embedded Multiplier 9-bit elements ; 0                                          ;
; Total PLLs                         ; 0                                          ;
+------------------------------------+--------------------------------------------+


+----------------------------------------------------------------------------------------------------------------------+
; Analysis & Synthesis Settings                                                                                        ;
+----------------------------------------------------------------------------+--------------------+--------------------+
; Option                                                                     ; Setting            ; Default Value      ;
+----------------------------------------------------------------------------+--------------------+--------------------+
; Device                                                                     ; EP4CE115F29C7      ;                    ;
; Top-level entity name                                                      ; I2C_TEST           ; I2C_TEST           ;
; Family name                                                                ; Cyclone IV E       ; Cyclone V          ;
; Use smart compilation                                                      ; Off                ; Off                ;
; Enable parallel Assembler and TimeQuest Timing Analyzer during compilation ; On                 ; On                 ;
; Enable compact report table                                                ; Off                ; Off                ;
; Restructure Multiplexers                                                   ; Auto               ; Auto               ;
; Create Debugging Nodes for IP Cores                                        ; Off                ; Off                ;
; Preserve fewer node names                                                  ; On                 ; On                 ;
; Disable OpenCore Plus hardware evaluation                                  ; Off                ; Off                ;
; Verilog Version                                                            ; Verilog_2001       ; Verilog_2001       ;
; VHDL Version                                                               ; VHDL_1993          ; VHDL_1993          ;
; State Machine Processing                                                   ; Auto               ; Auto               ;
; Safe State Machine                                                         ; Off                ; Off                ;
; Extract Verilog State Machines                                             ; On                 ; On                 ;
; Extract VHDL State Machines                                                ; On                 ; On                 ;
; Ignore Verilog initial constructs                                          ; Off                ; Off                ;
; Iteration limit for constant Verilog loops                                 ; 5000               ; 5000               ;
; Iteration limit for non-constant Verilog loops                             ; 250                ; 250                ;
; Add Pass-Through Logic to Inferred RAMs                                    ; On                 ; On                 ;
; Infer RAMs from Raw Logic                                                  ; On                 ; On                 ;
; Parallel Synthesis                                                         ; On                 ; On                 ;
; DSP Block Balancing                                                        ; Auto               ; Auto               ;
; NOT Gate Push-Back                                                         ; On                 ; On                 ;
; Power-Up Don't Care                                                        ; On                 ; On                 ;
; Remove Redundant Logic Cells                                               ; Off                ; Off                ;
; Remove Duplicate Registers                                                 ; On                 ; On                 ;
; Ignore CARRY Buffers                                                       ; Off                ; Off                ;
; Ignore CASCADE Buffers                                                     ; Off                ; Off                ;
; Ignore GLOBAL Buffers                                                      ; Off                ; Off                ;
; Ignore ROW GLOBAL Buffers                                                  ; Off                ; Off                ;
; Ignore LCELL Buffers                                                       ; Off                ; Off                ;
; Ignore SOFT Buffers                                                        ; On                 ; On                 ;
; Limit AHDL Integers to 32 Bits                                             ; Off                ; Off                ;
; Optimization Technique                                                     ; Balanced           ; Balanced           ;
; Carry Chain Length                                                         ; 70                 ; 70                 ;
; Auto Carry Chains                                                          ; On                 ; On                 ;
; Auto Open-Drain Pins                                                       ; On                 ; On                 ;
; Perform WYSIWYG Primitive Resynthesis                                      ; Off                ; Off                ;
; Auto ROM Replacement                                                       ; On                 ; On                 ;
; Auto RAM Replacement                                                       ; On                 ; On                 ;
; Auto DSP Block Replacement                                                 ; On                 ; On                 ;
; Auto Shift Register Replacement                                            ; Auto               ; Auto               ;
; Allow Shift Register Merging across Hierarchies                            ; Auto               ; Auto               ;
; Auto Clock Enable Replacement                                              ; On                 ; On                 ;
; Strict RAM Replacement                                                     ; Off                ; Off                ;
; Allow Synchronous Control Signals                                          ; On                 ; On                 ;
; Force Use of Synchronous Clear Signals                                     ; Off                ; Off                ;
; Auto RAM Block Balancing                                                   ; On                 ; On                 ;
; Auto RAM to Logic Cell Conversion                                          ; Off                ; Off                ;
; Auto Resource Sharing                                                      ; Off                ; Off                ;
; Allow Any RAM Size For Recognition                                         ; Off                ; Off                ;
; Allow Any ROM Size For Recognition                                         ; Off                ; Off                ;
; Allow Any Shift Register Size For Recognition                              ; Off                ; Off                ;
; Use LogicLock Constraints during Resource Balancing                        ; On                 ; On                 ;
; Ignore translate_off and synthesis_off directives                          ; Off                ; Off                ;
; Timing-Driven Synthesis                                                    ; On                 ; On                 ;
; Report Parameter Settings                                                  ; On                 ; On                 ;
; Report Source Assignments                                                  ; On                 ; On                 ;
; Report Connectivity Checks                                                 ; On                 ; On                 ;
; Ignore Maximum Fan-Out Assignments                                         ; Off                ; Off                ;
; Synchronization Register Chain Length                                      ; 2                  ; 2                  ;
; PowerPlay Power Optimization During Synthesis                              ; Normal compilation ; Normal compilation ;
; HDL message level                                                          ; Level2             ; Level2             ;
; Suppress Register Optimization Related Messages                            ; Off                ; Off                ;
; Number of Removed Registers Reported in Synthesis Report                   ; 5000               ; 5000               ;
; Number of Swept Nodes Reported in Synthesis Report                         ; 5000               ; 5000               ;
; Number of Inverted Registers Reported in Synthesis Report                  ; 100                ; 100                ;
; Clock MUX Protection                                                       ; On                 ; On                 ;
; Auto Gated Clock Conversion                                                ; Off                ; Off                ;
; Block Design Naming                                                        ; Auto               ; Auto               ;
; SDC constraint protection                                                  ; Off                ; Off                ;
; Synthesis Effort                                                           ; Auto               ; Auto               ;
; Shift Register Replacement - Allow Asynchronous Clear Signal               ; On                 ; On                 ;
; Pre-Mapping Resynthesis Optimization                                       ; Off                ; Off                ;
; Analysis & Synthesis Message Level                                         ; Medium             ; Medium             ;
; Disable Register Merging Across Hierarchies                                ; Auto               ; Auto               ;
; Resource Aware Inference For Block RAM                                     ; On                 ; On                 ;
; Synthesis Seed                                                             ; 1                  ; 1                  ;
+----------------------------------------------------------------------------+--------------------+--------------------+


+------------------------------------------+
; Parallel Compilation                     ;
+----------------------------+-------------+
; Processors                 ; Number      ;
+----------------------------+-------------+
; Number detected on machine ; 8           ;
; Maximum allowed            ; 4           ;
;                            ;             ;
; Average used               ; 1.00        ;
; Maximum used               ; 1           ;
;                            ;             ;
; Usage by Processor         ; % Time Used ;
;     Processor 1            ; 100.0%      ;
;     Processors 2-8         ;   0.0%      ;
+----------------------------+-------------+


+---------------------------------------------------------------------------------------------------------------------------------------------------------------------------+
; Analysis & Synthesis Source Files Read                                                                                                                                    ;
+----------------------------------+-----------------+-----------------+------------------------------------------------------------------------------------------+---------+
; File Name with User-Entered Path ; Used in Netlist ; File Type       ; File Name with Absolute Path                                                             ; Library ;
+----------------------------------+-----------------+-----------------+------------------------------------------------------------------------------------------+---------+
; I2C_TEST.vhd                     ; yes             ; User VHDL File  ; C:/Users/johnj/Documents/Development/FPGA/FPGA-Projects/Projects/I2C_TEST/I2C_TEST.vhd   ;         ;
; I2C_SLAVE.vhd                    ; yes             ; User VHDL File  ; C:/Users/johnj/Documents/Development/FPGA/FPGA-Projects/Projects/I2C_TEST/I2C_SLAVE.vhd  ;         ;
; TXT_UTIL.vhd                     ; yes             ; User VHDL File  ; C:/Users/johnj/Documents/Development/FPGA/FPGA-Projects/Projects/I2C_TEST/TXT_UTIL.vhd   ;         ;
; SSD_decode.vhd                   ; yes             ; User VHDL File  ; C:/Users/johnj/Documents/Development/FPGA/FPGA-Projects/Projects/I2C_TEST/SSD_decode.vhd ;         ;
+----------------------------------+-----------------+-----------------+------------------------------------------------------------------------------------------+---------+


+---------------------------------------------------------+
; Analysis & Synthesis Resource Usage Summary             ;
+---------------------------------------------+-----------+
; Resource                                    ; Usage     ;
+---------------------------------------------+-----------+
; Estimated Total logic elements              ; 158       ;
;                                             ;           ;
; Total combinational functions               ; 152       ;
; Logic element usage by number of LUT inputs ;           ;
;     -- 4 input functions                    ; 86        ;
;     -- 3 input functions                    ; 37        ;
;     -- <=2 input functions                  ; 29        ;
;                                             ;           ;
; Logic elements by mode                      ;           ;
;     -- normal mode                          ; 152       ;
;     -- arithmetic mode                      ; 0         ;
;                                             ;           ;
; Total registers                             ; 88        ;
;     -- Dedicated logic registers            ; 88        ;
;     -- I/O registers                        ; 0         ;
;                                             ;           ;
; I/O pins                                    ; 34        ;
;                                             ;           ;
; Embedded Multiplier 9-bit elements          ; 0         ;
;                                             ;           ;
; Maximum fan-out node                        ; clk~input ;
; Maximum fan-out                             ; 88        ;
; Total fan-out                               ; 798       ;
; Average fan-out                             ; 2.57      ;
+---------------------------------------------+-----------+


+--------------------------------------------------------------------------------------------------------------------------------------------------------------------------------------+
; Analysis & Synthesis Resource Utilization by Entity                                                                                                                                  ;
+----------------------------+-------------------+--------------+-------------+--------------+---------+-----------+------+--------------+------------------------------+--------------+
; Compilation Hierarchy Node ; LC Combinationals ; LC Registers ; Memory Bits ; DSP Elements ; DSP 9x9 ; DSP 18x18 ; Pins ; Virtual Pins ; Full Hierarchy Name          ; Library Name ;
+----------------------------+-------------------+--------------+-------------+--------------+---------+-----------+------+--------------+------------------------------+--------------+
; |I2C_TEST                  ; 152 (48)          ; 88 (47)      ; 0           ; 0            ; 0       ; 0         ; 34   ; 0            ; |I2C_TEST                    ; work         ;
;    |I2C_SLAVE:i2cSlave|    ; 104 (104)         ; 41 (41)      ; 0           ; 0            ; 0       ; 0         ; 0    ; 0            ; |I2C_TEST|I2C_SLAVE:i2cSlave ; work         ;
+----------------------------+-------------------+--------------+-------------+--------------+---------+-----------+------+--------------+------------------------------+--------------+
Note: For table entries with two numbers listed, the numbers in parentheses indicate the number of resources of the given type used by the specific entity alone. The numbers listed outside of parentheses indicate the total resources of the given type used by the specific entity and all of its sub-entities in the hierarchy.


Encoding Type:  One-Hot
+---------------------------------------------------------------------------------------------------------------------------------+
; State Machine - |I2C_TEST|state_reg                                                                                             ;
+----------------------+---------------------+--------------------+----------------------+--------------------+-------------------+
; Name                 ; state_reg.LED_RESET ; state_reg.LED_CTRL ; state_reg.DECODE_CMD ; state_reg.GET_DATA ; state_reg.GET_CMD ;
+----------------------+---------------------+--------------------+----------------------+--------------------+-------------------+
; state_reg.GET_CMD    ; 0                   ; 0                  ; 0                    ; 0                  ; 0                 ;
; state_reg.GET_DATA   ; 0                   ; 0                  ; 0                    ; 1                  ; 1                 ;
; state_reg.DECODE_CMD ; 0                   ; 0                  ; 1                    ; 0                  ; 1                 ;
; state_reg.LED_CTRL   ; 0                   ; 1                  ; 0                    ; 0                  ; 1                 ;
; state_reg.LED_RESET  ; 1                   ; 0                  ; 0                    ; 0                  ; 1                 ;
+----------------------+---------------------+--------------------+----------------------+--------------------+-------------------+


Encoding Type:  One-Hot
+---------------------------------------------------------------------------------------------------------------------------------------------------------------------------------------------------------------------------------------------------------------------+
; State Machine - |I2C_TEST|I2C_SLAVE:i2cSlave|state_reg                                                                                                                                                                                                              ;
+-----------------------------------+-------------------------+-----------------------------------+------------------------------+--------------------+---------------------+--------------------------------+-----------------------------------+--------------------+
; Name                              ; state_reg.I2C_READ_STOP ; state_reg.I2C_READ_ACK_GOT_RISING ; state_reg.I2C_READ_ACK_START ; state_reg.I2C_READ ; state_reg.I2C_WRITE ; state_reg.I2C_ANSWER_ACK_START ; state_reg.I2C_GET_ADDRESS_AND_CMD ; state_reg.I2C_IDLE ;
+-----------------------------------+-------------------------+-----------------------------------+------------------------------+--------------------+---------------------+--------------------------------+-----------------------------------+--------------------+
; state_reg.I2C_IDLE                ; 0                       ; 0                                 ; 0                            ; 0                  ; 0                   ; 0                              ; 0                                 ; 0                  ;
; state_reg.I2C_GET_ADDRESS_AND_CMD ; 0                       ; 0                                 ; 0                            ; 0                  ; 0                   ; 0                              ; 1                                 ; 1                  ;
; state_reg.I2C_ANSWER_ACK_START    ; 0                       ; 0                                 ; 0                            ; 0                  ; 0                   ; 1                              ; 0                                 ; 1                  ;
; state_reg.I2C_WRITE               ; 0                       ; 0                                 ; 0                            ; 0                  ; 1                   ; 0                              ; 0                                 ; 1                  ;
; state_reg.I2C_READ                ; 0                       ; 0                                 ; 0                            ; 1                  ; 0                   ; 0                              ; 0                                 ; 1                  ;
; state_reg.I2C_READ_ACK_START      ; 0                       ; 0                                 ; 1                            ; 0                  ; 0                   ; 0                              ; 0                                 ; 1                  ;
; state_reg.I2C_READ_ACK_GOT_RISING ; 0                       ; 1                                 ; 0                            ; 0                  ; 0                   ; 0                              ; 0                                 ; 1                  ;
; state_reg.I2C_READ_STOP           ; 1                       ; 0                                 ; 0                            ; 0                  ; 0                   ; 0                              ; 0                                 ; 1                  ;
+-----------------------------------+-------------------------+-----------------------------------+------------------------------+--------------------+---------------------+--------------------------------+-----------------------------------+--------------------+


+-----------------------------------------------------------------------------------------------------+
; Registers Removed During Synthesis                                                                  ;
+----------------------------------------------+------------------------------------------------------+
; Register name                                ; Reason for Removal                                   ;
+----------------------------------------------+------------------------------------------------------+
; cmd_ssd[3]                                   ; Merged with cmd[3]                                   ;
; cmd_ssd[2]                                   ; Merged with cmd[2]                                   ;
; cmd_ssd[1]                                   ; Merged with cmd[1]                                   ;
; cmd_ssd[0]                                   ; Merged with cmd[0]                                   ;
; I2C_SLAVE:i2cSlave|data_to_master_reg[2,4,6] ; Merged with I2C_SLAVE:i2cSlave|data_to_master_reg[0] ;
; I2C_SLAVE:i2cSlave|data_to_master_reg[3,5,7] ; Merged with I2C_SLAVE:i2cSlave|data_to_master_reg[1] ;
; busy~reg0                                    ; Merged with update_ssd                               ;
; I2C_SLAVE:i2cSlave|data_to_master_reg[1]     ; Stuck at GND due to stuck port data_in               ;
; Total Number of Removed Registers = 12       ;                                                      ;
+----------------------------------------------+------------------------------------------------------+


+------------------------------------------------------+
; General Register Statistics                          ;
+----------------------------------------------+-------+
; Statistic                                    ; Value ;
+----------------------------------------------+-------+
; Total registers                              ; 88    ;
; Number of registers using Synchronous Clear  ; 2     ;
; Number of registers using Synchronous Load   ; 0     ;
; Number of registers using Asynchronous Clear ; 0     ;
; Number of registers using Asynchronous Load  ; 0     ;
; Number of registers using Clock Enable       ; 41    ;
; Number of registers using Preset             ; 0     ;
+----------------------------------------------+-------+


+---------------------------------------------------+
; Inverted Register Statistics                      ;
+-----------------------------------------+---------+
; Inverted Register                       ; Fan out ;
+-----------------------------------------+---------+
; led_status[0]~reg0                      ; 1       ;
; led_status[1]~reg0                      ; 1       ;
; led_status[2]~reg0                      ; 1       ;
; led_status[3]~reg0                      ; 1       ;
; led_status[4]~reg0                      ; 1       ;
; led_status[5]~reg0                      ; 1       ;
; led_status[6]~reg0                      ; 1       ;
; led_status[7]~reg0                      ; 1       ;
; I2C_SLAVE:i2cSlave|sda_reg              ; 20      ;
; I2C_SLAVE:i2cSlave|scl_prev_reg         ; 4       ;
; I2C_SLAVE:i2cSlave|scl_reg              ; 5       ;
; I2C_SLAVE:i2cSlave|sda_prev_reg         ; 2       ;
; Total number of inverted registers = 12 ;         ;
+-----------------------------------------+---------+


+------------------------------------------------------------------------------------------------------------------------------------------------------------------+
; Multiplexer Restructuring Statistics (Restructuring Performed)                                                                                                   ;
+--------------------+-----------+---------------+----------------------+------------------------+------------+----------------------------------------------------+
; Multiplexer Inputs ; Bus Width ; Baseline Area ; Area if Restructured ; Saving if Restructured ; Registered ; Example Multiplexer Output                         ;
+--------------------+-----------+---------------+----------------------+------------------------+------------+----------------------------------------------------+
; 5:1                ; 8 bits    ; 24 LEs        ; 8 LEs                ; 16 LEs                 ; Yes        ; |I2C_TEST|data_reg[0]                              ;
; 8:1                ; 2 bits    ; 10 LEs        ; 0 LEs                ; 10 LEs                 ; Yes        ; |I2C_TEST|I2C_SLAVE:i2cSlave|data_to_master_reg[0] ;
; 18:1               ; 3 bits    ; 36 LEs        ; 3 LEs                ; 33 LEs                 ; Yes        ; |I2C_TEST|I2C_SLAVE:i2cSlave|bits_processed_reg[0] ;
; 4:1                ; 3 bits    ; 6 LEs         ; 6 LEs                ; 0 LEs                  ; No         ; |I2C_TEST|Selector10                               ;
; 16:1               ; 3 bits    ; 30 LEs        ; 15 LEs               ; 15 LEs                 ; No         ; |I2C_TEST|I2C_SLAVE:i2cSlave|state_reg             ;
; 18:1               ; 2 bits    ; 24 LEs        ; 8 LEs                ; 16 LEs                 ; No         ; |I2C_TEST|I2C_SLAVE:i2cSlave|state_reg             ;
; 19:1               ; 2 bits    ; 24 LEs        ; 4 LEs                ; 20 LEs                 ; No         ; |I2C_TEST|I2C_SLAVE:i2cSlave|state_reg             ;
+--------------------+-----------+---------------+----------------------+------------------------+------------+----------------------------------------------------+


+-----------------------------------------------------------------+
; Parameter Settings for User Entity Instance: I2C_SLAVE:i2cSlave ;
+----------------+---------+--------------------------------------+
; Parameter Name ; Value   ; Type                                 ;
+----------------+---------+--------------------------------------+
; slave_addr     ; 0000011 ; Unsigned Binary                      ;
+----------------+---------+--------------------------------------+
Note: In order to hide this table in the UI and the text report file, please set the "Show Parameter Settings in Synthesis Report" option in "Analysis and Synthesis Settings -> More Settings" to "Off".


+-----------------------------------------------------------------------------------------------------------------------------+
; Port Connectivity Checks: "I2C_SLAVE:i2cSlave"                                                                              ;
+-------------------+--------+----------+-------------------------------------------------------------------------------------+
; Port              ; Type   ; Severity ; Details                                                                             ;
+-------------------+--------+----------+-------------------------------------------------------------------------------------+
; read_req          ; Output ; Info     ; Connected to dangling logic. Logic that only feeds a dangling port will be removed. ;
; data_to_master[7] ; Input  ; Info     ; Stuck at GND                                                                        ;
; data_to_master[6] ; Input  ; Info     ; Stuck at VCC                                                                        ;
; data_to_master[5] ; Input  ; Info     ; Stuck at GND                                                                        ;
; data_to_master[4] ; Input  ; Info     ; Stuck at VCC                                                                        ;
; data_to_master[3] ; Input  ; Info     ; Stuck at GND                                                                        ;
; data_to_master[2] ; Input  ; Info     ; Stuck at VCC                                                                        ;
; data_to_master[1] ; Input  ; Info     ; Stuck at GND                                                                        ;
; data_to_master[0] ; Input  ; Info     ; Stuck at VCC                                                                        ;
+-------------------+--------+----------+-------------------------------------------------------------------------------------+


+-----------------------------------------------------+
; Post-Synthesis Netlist Statistics for Top Partition ;
+-----------------------+-----------------------------+
; Type                  ; Count                       ;
+-----------------------+-----------------------------+
; boundary_port         ; 34                          ;
; cycloneiii_ff         ; 88                          ;
;     ENA               ; 41                          ;
;     SCLR              ; 2                           ;
;     plain             ; 45                          ;
; cycloneiii_io_obuf    ; 2                           ;
; cycloneiii_lcell_comb ; 160                         ;
;     normal            ; 160                         ;
;         1 data inputs ; 10                          ;
;         2 data inputs ; 27                          ;
;         3 data inputs ; 37                          ;
;         4 data inputs ; 86                          ;
;                       ;                             ;
; Max LUT depth         ; 5.00                        ;
; Average LUT depth     ; 2.28                        ;
+-----------------------+-----------------------------+


+-------------------------------+
; Elapsed Time Per Partition    ;
+----------------+--------------+
; Partition Name ; Elapsed Time ;
+----------------+--------------+
; Top            ; 00:00:00     ;
+----------------+--------------+


+-------------------------------+
; Analysis & Synthesis Messages ;
+-------------------------------+
Info: *******************************************************************
Info: Running Quartus II 64-Bit Analysis & Synthesis
    Info: Version 15.0.2 Build 153 07/15/2015 SJ Web Edition
    Info: Processing started: Wed Aug 26 16:44:23 2015
Info: Command: quartus_map --read_settings_files=on --write_settings_files=off I2C_TEST -c I2C_TEST
Info (11104): Parallel Compilation has detected 8 hyper-threaded processors. However, the extra hyper-threaded processors will not be used by default. Parallel Compilation will use 4 of the 4 physical processors detected instead.
Info (12021): Found 2 design units, including 1 entities, in source file i2c_test.vhd
    Info (12022): Found design unit 1: I2C_TEST-RTL
    Info (12023): Found entity 1: I2C_TEST
Info (12021): Found 2 design units, including 1 entities, in source file i2c_slave.vhd
    Info (12022): Found design unit 1: I2C_SLAVE-arch
    Info (12023): Found entity 1: I2C_SLAVE
Info (12021): Found 2 design units, including 0 entities, in source file txt_util.vhd
    Info (12022): Found design unit 1: TXT_UTIL
    Info (12022): Found design unit 2: TXT_UTIL-body
Info (12021): Found 2 design units, including 0 entities, in source file ssd_decode.vhd
    Info (12022): Found design unit 1: SSD
    Info (12022): Found design unit 2: SSD-body
Info (12127): Elaborating entity "I2C_TEST" for the top level hierarchy
Warning (10036): Verilog HDL or VHDL warning at I2C_TEST.vhd(39): object "read_req" assigned a value but never read
Warning (10540): VHDL Signal Declaration warning at I2C_TEST.vhd(40): used explicit default value for signal "data_to_master" because signal was never assigned a value
Info (12128): Elaborating entity "I2C_SLAVE" for hierarchy "I2C_SLAVE:i2cSlave"
Warning (10540): VHDL Signal Declaration warning at I2C_SLAVE.vhd(58): used explicit default value for signal "scl_wen_reg" because signal was never assigned a value
Warning (10540): VHDL Signal Declaration warning at I2C_SLAVE.vhd(59): used explicit default value for signal "scl_o_reg" because signal was never assigned a value
Info (286030): Timing-Driven Synthesis is running
Info (16010): Generating hard_block partition "hard_block:auto_generated_inst"
    Info (16011): Adding 0 node(s), including 0 DDIO, 0 PLL, 0 transceiver and 0 LCELL
Info (21057): Implemented 192 device resources after synthesis - the final resource count might be different
    Info (21058): Implemented 2 input pins
    Info (21059): Implemented 30 output pins
    Info (21060): Implemented 2 bidirectional pins
    Info (21061): Implemented 158 logic cells
Info: Quartus II 64-Bit Analysis & Synthesis was successful. 0 errors, 4 warnings
    Info: Peak virtual memory: 755 megabytes
    Info: Processing ended: Wed Aug 26 16:44:34 2015
    Info: Elapsed time: 00:00:11
    Info: Total CPU time (on all processors): 00:00:23


