Analysis & Synthesis report for SPI_Comms
Tue Sep 08 13:58:11 2015
Quartus II 64-Bit Version 15.0.2 Build 153 07/15/2015 SJ Web Edition


---------------------
; Table of Contents ;
---------------------
  1. Legal Notice
  2. Analysis & Synthesis Summary
  3. Analysis & Synthesis Settings
  4. Parallel Compilation
  5. Analysis & Synthesis Source Files Read
  6. Analysis & Synthesis Resource Usage Summary
  7. Analysis & Synthesis Resource Utilization by Entity
  8. State Machine - |SPI_Comms|spi_next_state
  9. State Machine - |SPI_Comms|lcd_next_state
 10. State Machine - |SPI_Comms|lcd_curr_state
 11. State Machine - |SPI_Comms|spi_curr_state
 12. State Machine - |SPI_Comms|lcd16x2_ctrl:instance_lcd16x2|op_state
 13. State Machine - |SPI_Comms|lcd16x2_ctrl:instance_lcd16x2|next_op_state
 14. State Machine - |SPI_Comms|lcd16x2_ctrl:instance_lcd16x2|state
 15. State Machine - |SPI_Comms|lcd16x2_ctrl:instance_lcd16x2|next_state
 16. Registers Removed During Synthesis
 17. Removed Registers Triggering Further Register Optimizations
 18. General Register Statistics
 19. Inverted Register Statistics
 20. Multiplexer Restructuring Statistics (Restructuring Performed)
 21. Parameter Settings for User Entity Instance: Top-level Entity: |SPI_Comms
 22. Parameter Settings for User Entity Instance: spi_slave:instance_spi_slave
 23. Parameter Settings for User Entity Instance: lcd16x2_ctrl:instance_lcd16x2
 24. Port Connectivity Checks: "spi_slave:instance_spi_slave"
 25. Post-Synthesis Netlist Statistics for Top Partition
 26. Elapsed Time Per Partition
 27. Analysis & Synthesis Messages



----------------
; Legal Notice ;
----------------
Copyright (C) 1991-2015 Altera Corporation. All rights reserved.
Your use of Altera Corporation's design tools, logic functions 
and other software and tools, and its AMPP partner logic 
functions, and any output files from any of the foregoing 
(including device programming or simulation files), and any 
associated documentation or information are expressly subject 
to the terms and conditions of the Altera Program License 
Subscription Agreement, the Altera Quartus II License Agreement,
the Altera MegaCore Function License Agreement, or other 
applicable license agreement, including, without limitation, 
that your use is for the sole purpose of programming logic 
devices manufactured by Altera and sold by Altera or its 
authorized distributors.  Please refer to the applicable 
agreement for further details.



+---------------------------------------------------------------------------------+
; Analysis & Synthesis Summary                                                    ;
+------------------------------------+--------------------------------------------+
; Analysis & Synthesis Status        ; Successful - Tue Sep 08 13:58:11 2015      ;
; Quartus II 64-Bit Version          ; 15.0.2 Build 153 07/15/2015 SJ Web Edition ;
; Revision Name                      ; SPI_Comms                                  ;
; Top-level Entity Name              ; SPI_Comms                                  ;
; Family                             ; Cyclone IV E                               ;
; Total logic elements               ; 529                                        ;
;     Total combinational functions  ; 373                                        ;
;     Dedicated logic registers      ; 361                                        ;
; Total registers                    ; 361                                        ;
; Total pins                         ; 47                                         ;
; Total virtual pins                 ; 0                                          ;
; Total memory bits                  ; 0                                          ;
; Embedded Multiplier 9-bit elements ; 0                                          ;
; Total PLLs                         ; 0                                          ;
+------------------------------------+--------------------------------------------+


+----------------------------------------------------------------------------------------------------------------------+
; Analysis & Synthesis Settings                                                                                        ;
+----------------------------------------------------------------------------+--------------------+--------------------+
; Option                                                                     ; Setting            ; Default Value      ;
+----------------------------------------------------------------------------+--------------------+--------------------+
; Device                                                                     ; EP4CE115F29C7      ;                    ;
; Top-level entity name                                                      ; SPI_Comms          ; SPI_Comms          ;
; Family name                                                                ; Cyclone IV E       ; Cyclone V          ;
; Use smart compilation                                                      ; Off                ; Off                ;
; Enable parallel Assembler and TimeQuest Timing Analyzer during compilation ; On                 ; On                 ;
; Enable compact report table                                                ; Off                ; Off                ;
; Restructure Multiplexers                                                   ; Auto               ; Auto               ;
; Create Debugging Nodes for IP Cores                                        ; Off                ; Off                ;
; Preserve fewer node names                                                  ; On                 ; On                 ;
; Disable OpenCore Plus hardware evaluation                                  ; Off                ; Off                ;
; Verilog Version                                                            ; Verilog_2001       ; Verilog_2001       ;
; VHDL Version                                                               ; VHDL_1993          ; VHDL_1993          ;
; State Machine Processing                                                   ; Auto               ; Auto               ;
; Safe State Machine                                                         ; Off                ; Off                ;
; Extract Verilog State Machines                                             ; On                 ; On                 ;
; Extract VHDL State Machines                                                ; On                 ; On                 ;
; Ignore Verilog initial constructs                                          ; Off                ; Off                ;
; Iteration limit for constant Verilog loops                                 ; 5000               ; 5000               ;
; Iteration limit for non-constant Verilog loops                             ; 250                ; 250                ;
; Add Pass-Through Logic to Inferred RAMs                                    ; On                 ; On                 ;
; Infer RAMs from Raw Logic                                                  ; On                 ; On                 ;
; Parallel Synthesis                                                         ; On                 ; On                 ;
; DSP Block Balancing                                                        ; Auto               ; Auto               ;
; NOT Gate Push-Back                                                         ; On                 ; On                 ;
; Power-Up Don't Care                                                        ; On                 ; On                 ;
; Remove Redundant Logic Cells                                               ; Off                ; Off                ;
; Remove Duplicate Registers                                                 ; On                 ; On                 ;
; Ignore CARRY Buffers                                                       ; Off                ; Off                ;
; Ignore CASCADE Buffers                                                     ; Off                ; Off                ;
; Ignore GLOBAL Buffers                                                      ; Off                ; Off                ;
; Ignore ROW GLOBAL Buffers                                                  ; Off                ; Off                ;
; Ignore LCELL Buffers                                                       ; Off                ; Off                ;
; Ignore SOFT Buffers                                                        ; On                 ; On                 ;
; Limit AHDL Integers to 32 Bits                                             ; Off                ; Off                ;
; Optimization Technique                                                     ; Balanced           ; Balanced           ;
; Carry Chain Length                                                         ; 70                 ; 70                 ;
; Auto Carry Chains                                                          ; On                 ; On                 ;
; Auto Open-Drain Pins                                                       ; On                 ; On                 ;
; Perform WYSIWYG Primitive Resynthesis                                      ; Off                ; Off                ;
; Auto ROM Replacement                                                       ; On                 ; On                 ;
; Auto RAM Replacement                                                       ; On                 ; On                 ;
; Auto DSP Block Replacement                                                 ; On                 ; On                 ;
; Auto Shift Register Replacement                                            ; Auto               ; Auto               ;
; Allow Shift Register Merging across Hierarchies                            ; Auto               ; Auto               ;
; Auto Clock Enable Replacement                                              ; On                 ; On                 ;
; Strict RAM Replacement                                                     ; Off                ; Off                ;
; Allow Synchronous Control Signals                                          ; On                 ; On                 ;
; Force Use of Synchronous Clear Signals                                     ; Off                ; Off                ;
; Auto RAM Block Balancing                                                   ; On                 ; On                 ;
; Auto RAM to Logic Cell Conversion                                          ; Off                ; Off                ;
; Auto Resource Sharing                                                      ; Off                ; Off                ;
; Allow Any RAM Size For Recognition                                         ; Off                ; Off                ;
; Allow Any ROM Size For Recognition                                         ; Off                ; Off                ;
; Allow Any Shift Register Size For Recognition                              ; Off                ; Off                ;
; Use LogicLock Constraints during Resource Balancing                        ; On                 ; On                 ;
; Ignore translate_off and synthesis_off directives                          ; Off                ; Off                ;
; Timing-Driven Synthesis                                                    ; On                 ; On                 ;
; Report Parameter Settings                                                  ; On                 ; On                 ;
; Report Source Assignments                                                  ; On                 ; On                 ;
; Report Connectivity Checks                                                 ; On                 ; On                 ;
; Ignore Maximum Fan-Out Assignments                                         ; Off                ; Off                ;
; Synchronization Register Chain Length                                      ; 2                  ; 2                  ;
; PowerPlay Power Optimization During Synthesis                              ; Normal compilation ; Normal compilation ;
; HDL message level                                                          ; Level2             ; Level2             ;
; Suppress Register Optimization Related Messages                            ; Off                ; Off                ;
; Number of Removed Registers Reported in Synthesis Report                   ; 5000               ; 5000               ;
; Number of Swept Nodes Reported in Synthesis Report                         ; 5000               ; 5000               ;
; Number of Inverted Registers Reported in Synthesis Report                  ; 100                ; 100                ;
; Clock MUX Protection                                                       ; On                 ; On                 ;
; Auto Gated Clock Conversion                                                ; Off                ; Off                ;
; Block Design Naming                                                        ; Auto               ; Auto               ;
; SDC constraint protection                                                  ; Off                ; Off                ;
; Synthesis Effort                                                           ; Auto               ; Auto               ;
; Shift Register Replacement - Allow Asynchronous Clear Signal               ; On                 ; On                 ;
; Pre-Mapping Resynthesis Optimization                                       ; Off                ; Off                ;
; Analysis & Synthesis Message Level                                         ; Medium             ; Medium             ;
; Disable Register Merging Across Hierarchies                                ; Auto               ; Auto               ;
; Resource Aware Inference For Block RAM                                     ; On                 ; On                 ;
; Synthesis Seed                                                             ; 1                  ; 1                  ;
+----------------------------------------------------------------------------+--------------------+--------------------+


+------------------------------------------+
; Parallel Compilation                     ;
+----------------------------+-------------+
; Processors                 ; Number      ;
+----------------------------+-------------+
; Number detected on machine ; 8           ;
; Maximum allowed            ; 4           ;
;                            ;             ;
; Average used               ; 1.00        ;
; Maximum used               ; 1           ;
;                            ;             ;
; Usage by Processor         ; % Time Used ;
;     Processor 1            ; 100.0%      ;
;     Processors 2-8         ;   0.0%      ;
+----------------------------+-------------+


+----------------------------------------------------------------------------------------------------------------------------------------------------------------------------------------+
; Analysis & Synthesis Source Files Read                                                                                                                                                 ;
+----------------------------------+-----------------+-----------------------+-------------------------------------------------------------------------------------------------+---------+
; File Name with User-Entered Path ; Used in Netlist ; File Type             ; File Name with Absolute Path                                                                    ; Library ;
+----------------------------------+-----------------+-----------------------+-------------------------------------------------------------------------------------------------+---------+
; SSD_decode.vhd                   ; yes             ; User VHDL File        ; C:/Users/johnj/Documents/Development/FPGA/FPGA-Projects/Projects/SPI/SPI_Comms/SSD_decode.vhd   ;         ;
; spi_slave.vhdl                   ; yes             ; User VHDL File        ; C:/Users/johnj/Documents/Development/FPGA/FPGA-Projects/Projects/SPI/SPI_Comms/spi_slave.vhdl   ;         ;
; SPI_Comms.vhd                    ; yes             ; User VHDL File        ; C:/Users/johnj/Documents/Development/FPGA/FPGA-Projects/Projects/SPI/SPI_Comms/SPI_Comms.vhd    ;         ;
; lcd16x2_ctrl.vhd                 ; yes             ; Auto-Found VHDL File  ; C:/Users/johnj/Documents/Development/FPGA/FPGA-Projects/Projects/SPI/SPI_Comms/lcd16x2_ctrl.vhd ;         ;
+----------------------------------+-----------------+-----------------------+-------------------------------------------------------------------------------------------------+---------+


+-----------------------------------------------------------+
; Analysis & Synthesis Resource Usage Summary               ;
+---------------------------------------------+-------------+
; Resource                                    ; Usage       ;
+---------------------------------------------+-------------+
; Estimated Total logic elements              ; 529         ;
;                                             ;             ;
; Total combinational functions               ; 373         ;
; Logic element usage by number of LUT inputs ;             ;
;     -- 4 input functions                    ; 184         ;
;     -- 3 input functions                    ; 35          ;
;     -- <=2 input functions                  ; 154         ;
;                                             ;             ;
; Logic elements by mode                      ;             ;
;     -- normal mode                          ; 291         ;
;     -- arithmetic mode                      ; 82          ;
;                                             ;             ;
; Total registers                             ; 361         ;
;     -- Dedicated logic registers            ; 361         ;
;     -- I/O registers                        ; 0           ;
;                                             ;             ;
; I/O pins                                    ; 47          ;
;                                             ;             ;
; Embedded Multiplier 9-bit elements          ; 0           ;
;                                             ;             ;
; Maximum fan-out node                        ; clk50~input ;
; Maximum fan-out                             ; 287         ;
; Total fan-out                               ; 2141        ;
; Average fan-out                             ; 2.59        ;
+---------------------------------------------+-------------+


+----------------------------------------------------------------------------------------------------------------------------------------------------------------------------------------------------------+
; Analysis & Synthesis Resource Utilization by Entity                                                                                                                                                      ;
+------------------------------------+-------------------+--------------+-------------+--------------+---------+-----------+------+--------------+------------------------------------------+--------------+
; Compilation Hierarchy Node         ; LC Combinationals ; LC Registers ; Memory Bits ; DSP Elements ; DSP 9x9 ; DSP 18x18 ; Pins ; Virtual Pins ; Full Hierarchy Name                      ; Library Name ;
+------------------------------------+-------------------+--------------+-------------+--------------+---------+-----------+------+--------------+------------------------------------------+--------------+
; |SPI_Comms                         ; 373 (130)         ; 361 (144)    ; 0           ; 0            ; 0       ; 0         ; 47   ; 0            ; |SPI_Comms                               ; work         ;
;    |lcd16x2_ctrl:instance_lcd16x2| ; 185 (185)         ; 105 (105)    ; 0           ; 0            ; 0       ; 0         ; 0    ; 0            ; |SPI_Comms|lcd16x2_ctrl:instance_lcd16x2 ; work         ;
;    |spi_slave:instance_spi_slave|  ; 58 (58)           ; 112 (112)    ; 0           ; 0            ; 0       ; 0         ; 0    ; 0            ; |SPI_Comms|spi_slave:instance_spi_slave  ; work         ;
+------------------------------------+-------------------+--------------+-------------+--------------+---------+-----------+------+--------------+------------------------------------------+--------------+
Note: For table entries with two numbers listed, the numbers in parentheses indicate the number of resources of the given type used by the specific entity alone. The numbers listed outside of parentheses indicate the total resources of the given type used by the specific entity and all of its sub-entities in the hierarchy.


Encoding Type:  One-Hot
+----------------------------------------------------------------------------------------------------------+
; State Machine - |SPI_Comms|spi_next_state                                                                ;
+--------------------------+--------------------------+--------------------------+-------------------------+
; Name                     ; spi_next_state.SEND_DATA ; spi_next_state.LOAD_DATA ; spi_next_state.SPI_IDLE ;
+--------------------------+--------------------------+--------------------------+-------------------------+
; spi_next_state.SPI_IDLE  ; 0                        ; 0                        ; 0                       ;
; spi_next_state.LOAD_DATA ; 0                        ; 1                        ; 1                       ;
; spi_next_state.SEND_DATA ; 1                        ; 0                        ; 1                       ;
+--------------------------+--------------------------+--------------------------+-------------------------+


Encoding Type:  One-Hot
+-------------------------------------------------------------------------------------------------------------------------------------------------+
; State Machine - |SPI_Comms|lcd_next_state                                                                                                       ;
+--------------------------------+-------------------------+---------------------------+--------------------------------+-------------------------+
; Name                           ; lcd_next_state.RX_DELAY ; lcd_next_state.RX_MESSAGE ; lcd_next_state.WAITING_MESSAGE ; lcd_next_state.LCD_IDLE ;
+--------------------------------+-------------------------+---------------------------+--------------------------------+-------------------------+
; lcd_next_state.LCD_IDLE        ; 0                       ; 0                         ; 0                              ; 0                       ;
; lcd_next_state.WAITING_MESSAGE ; 0                       ; 0                         ; 1                              ; 1                       ;
; lcd_next_state.RX_MESSAGE      ; 0                       ; 1                         ; 0                              ; 1                       ;
; lcd_next_state.RX_DELAY        ; 1                       ; 0                         ; 0                              ; 1                       ;
+--------------------------------+-------------------------+---------------------------+--------------------------------+-------------------------+


Encoding Type:  One-Hot
+-------------------------------------------------------------------------------------------------------------------------------------------------+
; State Machine - |SPI_Comms|lcd_curr_state                                                                                                       ;
+--------------------------------+-------------------------+---------------------------+--------------------------------+-------------------------+
; Name                           ; lcd_curr_state.RX_DELAY ; lcd_curr_state.RX_MESSAGE ; lcd_curr_state.WAITING_MESSAGE ; lcd_curr_state.LCD_IDLE ;
+--------------------------------+-------------------------+---------------------------+--------------------------------+-------------------------+
; lcd_curr_state.LCD_IDLE        ; 0                       ; 0                         ; 0                              ; 0                       ;
; lcd_curr_state.WAITING_MESSAGE ; 0                       ; 0                         ; 1                              ; 1                       ;
; lcd_curr_state.RX_MESSAGE      ; 0                       ; 1                         ; 0                              ; 1                       ;
; lcd_curr_state.RX_DELAY        ; 1                       ; 0                         ; 0                              ; 1                       ;
+--------------------------------+-------------------------+---------------------------+--------------------------------+-------------------------+


Encoding Type:  One-Hot
+----------------------------------------------------------------------------------------------------------+
; State Machine - |SPI_Comms|spi_curr_state                                                                ;
+--------------------------+--------------------------+--------------------------+-------------------------+
; Name                     ; spi_curr_state.SEND_DATA ; spi_curr_state.LOAD_DATA ; spi_curr_state.SPI_IDLE ;
+--------------------------+--------------------------+--------------------------+-------------------------+
; spi_curr_state.SPI_IDLE  ; 0                        ; 0                        ; 0                       ;
; spi_curr_state.LOAD_DATA ; 0                        ; 1                        ; 1                       ;
; spi_curr_state.SEND_DATA ; 1                        ; 0                        ; 1                       ;
+--------------------------+--------------------------+--------------------------+-------------------------+


Encoding Type:  One-Hot
+---------------------------------------------------------------------------------------------------------------------------------------------------------------------------------------------------------------------------------------------+
; State Machine - |SPI_Comms|lcd16x2_ctrl:instance_lcd16x2|op_state                                                                                                                                                                           ;
+-----------------------+---------------+-----------------------+----------------------+-------------------+-----------------------+-----------------------+----------------------+-------------------+-----------------------+---------------+
; Name                  ; op_state.DONE ; op_state.WAIT_DELAY_L ; op_state.WAIT_HOLD_L ; op_state.ENABLE_L ; op_state.WAIT_SETUP_L ; op_state.WAIT_DELAY_H ; op_state.WAIT_HOLD_H ; op_state.ENABLE_H ; op_state.WAIT_SETUP_H ; op_state.IDLE ;
+-----------------------+---------------+-----------------------+----------------------+-------------------+-----------------------+-----------------------+----------------------+-------------------+-----------------------+---------------+
; op_state.IDLE         ; 0             ; 0                     ; 0                    ; 0                 ; 0                     ; 0                     ; 0                    ; 0                 ; 0                     ; 0             ;
; op_state.WAIT_SETUP_H ; 0             ; 0                     ; 0                    ; 0                 ; 0                     ; 0                     ; 0                    ; 0                 ; 1                     ; 1             ;
; op_state.ENABLE_H     ; 0             ; 0                     ; 0                    ; 0                 ; 0                     ; 0                     ; 0                    ; 1                 ; 0                     ; 1             ;
; op_state.WAIT_HOLD_H  ; 0             ; 0                     ; 0                    ; 0                 ; 0                     ; 0                     ; 1                    ; 0                 ; 0                     ; 1             ;
; op_state.WAIT_DELAY_H ; 0             ; 0                     ; 0                    ; 0                 ; 0                     ; 1                     ; 0                    ; 0                 ; 0                     ; 1             ;
; op_state.WAIT_SETUP_L ; 0             ; 0                     ; 0                    ; 0                 ; 1                     ; 0                     ; 0                    ; 0                 ; 0                     ; 1             ;
; op_state.ENABLE_L     ; 0             ; 0                     ; 0                    ; 1                 ; 0                     ; 0                     ; 0                    ; 0                 ; 0                     ; 1             ;
; op_state.WAIT_HOLD_L  ; 0             ; 0                     ; 1                    ; 0                 ; 0                     ; 0                     ; 0                    ; 0                 ; 0                     ; 1             ;
; op_state.WAIT_DELAY_L ; 0             ; 1                     ; 0                    ; 0                 ; 0                     ; 0                     ; 0                    ; 0                 ; 0                     ; 1             ;
; op_state.DONE         ; 1             ; 0                     ; 0                    ; 0                 ; 0                     ; 0                     ; 0                    ; 0                 ; 0                     ; 1             ;
+-----------------------+---------------+-----------------------+----------------------+-------------------+-----------------------+-----------------------+----------------------+-------------------+-----------------------+---------------+


Encoding Type:  One-Hot
+----------------------------------------------------------------------------------------------------------------------------------------------------------------------------------------------------------------------------------------------------------------------------------------------------+
; State Machine - |SPI_Comms|lcd16x2_ctrl:instance_lcd16x2|next_op_state                                                                                                                                                                                                                             ;
+----------------------------+--------------------+----------------------------+---------------------------+------------------------+----------------------------+----------------------------+---------------------------+------------------------+----------------------------+--------------------+
; Name                       ; next_op_state.DONE ; next_op_state.WAIT_DELAY_L ; next_op_state.WAIT_HOLD_L ; next_op_state.ENABLE_L ; next_op_state.WAIT_SETUP_L ; next_op_state.WAIT_DELAY_H ; next_op_state.WAIT_HOLD_H ; next_op_state.ENABLE_H ; next_op_state.WAIT_SETUP_H ; next_op_state.IDLE ;
+----------------------------+--------------------+----------------------------+---------------------------+------------------------+----------------------------+----------------------------+---------------------------+------------------------+----------------------------+--------------------+
; next_op_state.IDLE         ; 0                  ; 0                          ; 0                         ; 0                      ; 0                          ; 0                          ; 0                         ; 0                      ; 0                          ; 0                  ;
; next_op_state.WAIT_SETUP_H ; 0                  ; 0                          ; 0                         ; 0                      ; 0                          ; 0                          ; 0                         ; 0                      ; 1                          ; 1                  ;
; next_op_state.ENABLE_H     ; 0                  ; 0                          ; 0                         ; 0                      ; 0                          ; 0                          ; 0                         ; 1                      ; 0                          ; 1                  ;
; next_op_state.WAIT_HOLD_H  ; 0                  ; 0                          ; 0                         ; 0                      ; 0                          ; 0                          ; 1                         ; 0                      ; 0                          ; 1                  ;
; next_op_state.WAIT_DELAY_H ; 0                  ; 0                          ; 0                         ; 0                      ; 0                          ; 1                          ; 0                         ; 0                      ; 0                          ; 1                  ;
; next_op_state.WAIT_SETUP_L ; 0                  ; 0                          ; 0                         ; 0                      ; 1                          ; 0                          ; 0                         ; 0                      ; 0                          ; 1                  ;
; next_op_state.ENABLE_L     ; 0                  ; 0                          ; 0                         ; 1                      ; 0                          ; 0                          ; 0                         ; 0                      ; 0                          ; 1                  ;
; next_op_state.WAIT_HOLD_L  ; 0                  ; 0                          ; 1                         ; 0                      ; 0                          ; 0                          ; 0                         ; 0                      ; 0                          ; 1                  ;
; next_op_state.WAIT_DELAY_L ; 0                  ; 1                          ; 0                         ; 0                      ; 0                          ; 0                          ; 0                         ; 0                      ; 0                          ; 1                  ;
; next_op_state.DONE         ; 1                  ; 0                          ; 0                         ; 0                      ; 0                          ; 0                          ; 0                         ; 0                      ; 0                          ; 1                  ;
+----------------------------+--------------------+----------------------------+---------------------------+------------------------+----------------------------+----------------------------+---------------------------+------------------------+----------------------------+--------------------+


Encoding Type:  One-Hot
+-----------------------------------------------------------------------------------------------------------------------------------+
; State Machine - |SPI_Comms|lcd16x2_ctrl:instance_lcd16x2|state                                                                    ;
+--------------------+-------------------+--------------------+-------------------+--------------------+--------------+-------------+
; Name               ; state.WRITE_LINE2 ; state.SELECT_LINE2 ; state.WRITE_LINE1 ; state.SELECT_LINE1 ; state.CONFIG ; state.RESET ;
+--------------------+-------------------+--------------------+-------------------+--------------------+--------------+-------------+
; state.RESET        ; 0                 ; 0                  ; 0                 ; 0                  ; 0            ; 0           ;
; state.CONFIG       ; 0                 ; 0                  ; 0                 ; 0                  ; 1            ; 1           ;
; state.SELECT_LINE1 ; 0                 ; 0                  ; 0                 ; 1                  ; 0            ; 1           ;
; state.WRITE_LINE1  ; 0                 ; 0                  ; 1                 ; 0                  ; 0            ; 1           ;
; state.SELECT_LINE2 ; 0                 ; 1                  ; 0                 ; 0                  ; 0            ; 1           ;
; state.WRITE_LINE2  ; 1                 ; 0                  ; 0                 ; 0                  ; 0            ; 1           ;
+--------------------+-------------------+--------------------+-------------------+--------------------+--------------+-------------+


Encoding Type:  One-Hot
+----------------------------------------------------------------------------------------------------------------------------------------------------------------------+
; State Machine - |SPI_Comms|lcd16x2_ctrl:instance_lcd16x2|next_state                                                                                                  ;
+-------------------------+------------------------+-------------------------+------------------------+-------------------------+-------------------+------------------+
; Name                    ; next_state.WRITE_LINE2 ; next_state.SELECT_LINE2 ; next_state.WRITE_LINE1 ; next_state.SELECT_LINE1 ; next_state.CONFIG ; next_state.RESET ;
+-------------------------+------------------------+-------------------------+------------------------+-------------------------+-------------------+------------------+
; next_state.RESET        ; 0                      ; 0                       ; 0                      ; 0                       ; 0                 ; 0                ;
; next_state.CONFIG       ; 0                      ; 0                       ; 0                      ; 0                       ; 1                 ; 1                ;
; next_state.SELECT_LINE1 ; 0                      ; 0                       ; 0                      ; 1                       ; 0                 ; 1                ;
; next_state.WRITE_LINE1  ; 0                      ; 0                       ; 1                      ; 0                       ; 0                 ; 1                ;
; next_state.SELECT_LINE2 ; 0                      ; 1                       ; 0                      ; 0                       ; 0                 ; 1                ;
; next_state.WRITE_LINE2  ; 1                      ; 0                       ; 0                      ; 0                       ; 0                 ; 1                ;
+-------------------------+------------------------+-------------------------+------------------------+-------------------------+-------------------+------------------+


+-----------------------------------------------------------------------------------------------------------------------------------------------------------------------------------------------------------------------------------+
; Registers Removed During Synthesis                                                                                                                                                                                                ;
+-------------------------------------------------------------------------------------------------------------------------------------------------------------------+---------------------------------------------------------------+
; Register name                                                                                                                                                     ; Reason for Removal                                            ;
+-------------------------------------------------------------------------------------------------------------------------------------------------------------------+---------------------------------------------------------------+
; line2_buffer[0..4,6..12,14..20,22..28,30..36,38..44,46..52,54..60,62..68,70..76,78..84,86..92,94..100,102..108,110..116,118..124,126,127]                         ; Stuck at GND due to stuck port data_in                        ;
; line1_buffer[1..4,7,9,11,15,17,19,23,25,27,28,31..33,35,36,39,40,42,43,47,52,55,56,60,63,65,66,68,71,75,79,84,87,89,92,95,99,103,105,108,111,114,115,119,123,127] ; Stuck at GND due to stuck port data_in                        ;
; lcd16x2_ctrl:instance_lcd16x2|this_op.delay_l[1..3,6,12,14,16,18..20]                                                                                             ; Stuck at GND due to stuck port data_in                        ;
; lcd16x2_ctrl:instance_lcd16x2|this_op.delay_h[1,3,12,13,15,16,19,20]                                                                                              ; Stuck at GND due to stuck port data_in                        ;
; line1_buffer[102]                                                                                                                                                 ; Merged with line2_buffer[5]                                   ;
; line2_buffer[5]                                                                                                                                                   ; Merged with line1_buffer[118]                                 ;
; line1_buffer[118]                                                                                                                                                 ; Merged with line1_buffer[110]                                 ;
; line1_buffer[110]                                                                                                                                                 ; Merged with line1_buffer[109]                                 ;
; line1_buffer[109]                                                                                                                                                 ; Merged with line1_buffer[104]                                 ;
; line1_buffer[104]                                                                                                                                                 ; Merged with line1_buffer[85]                                  ;
; line1_buffer[85]                                                                                                                                                  ; Merged with line1_buffer[101]                                 ;
; line1_buffer[101]                                                                                                                                                 ; Merged with line1_buffer[94]                                  ;
; line1_buffer[94]                                                                                                                                                  ; Merged with line1_buffer[93]                                  ;
; line1_buffer[93]                                                                                                                                                  ; Merged with line1_buffer[88]                                  ;
; line1_buffer[88]                                                                                                                                                  ; Merged with line1_buffer[86]                                  ;
; line1_buffer[86]                                                                                                                                                  ; Merged with line2_buffer[13]                                  ;
; line2_buffer[13]                                                                                                                                                  ; Merged with line1_buffer[83]                                  ;
; line1_buffer[83]                                                                                                                                                  ; Merged with line1_buffer[78]                                  ;
; line1_buffer[78]                                                                                                                                                  ; Merged with line1_buffer[77]                                  ;
; line1_buffer[77]                                                                                                                                                  ; Merged with line1_buffer[74]                                  ;
; line1_buffer[74]                                                                                                                                                  ; Merged with line1_buffer[73]                                  ;
; line1_buffer[73]                                                                                                                                                  ; Merged with line1_buffer[69]                                  ;
; line1_buffer[69]                                                                                                                                                  ; Merged with line1_buffer[62]                                  ;
; line1_buffer[62]                                                                                                                                                  ; Merged with line1_buffer[61]                                  ;
; line1_buffer[61]                                                                                                                                                  ; Merged with line1_buffer[58]                                  ;
; line1_buffer[58]                                                                                                                                                  ; Merged with line1_buffer[57]                                  ;
; line1_buffer[57]                                                                                                                                                  ; Merged with line1_buffer[54]                                  ;
; line1_buffer[54]                                                                                                                                                  ; Merged with line1_buffer[53]                                  ;
; line1_buffer[53]                                                                                                                                                  ; Merged with line1_buffer[50]                                  ;
; line1_buffer[50]                                                                                                                                                  ; Merged with line1_buffer[49]                                  ;
; line1_buffer[49]                                                                                                                                                  ; Merged with line1_buffer[48]                                  ;
; line1_buffer[48]                                                                                                                                                  ; Merged with line1_buffer[45]                                  ;
; line1_buffer[45]                                                                                                                                                  ; Merged with line1_buffer[37]                                  ;
; line1_buffer[37]                                                                                                                                                  ; Merged with line1_buffer[30]                                  ;
; line1_buffer[30]                                                                                                                                                  ; Merged with line1_buffer[29]                                  ;
; line1_buffer[29]                                                                                                                                                  ; Merged with line1_buffer[22]                                  ;
; line1_buffer[22]                                                                                                                                                  ; Merged with line1_buffer[21]                                  ;
; line1_buffer[21]                                                                                                                                                  ; Merged with line1_buffer[14]                                  ;
; line1_buffer[14]                                                                                                                                                  ; Merged with line1_buffer[13]                                  ;
; line1_buffer[13]                                                                                                                                                  ; Merged with line1_buffer[5]                                   ;
; line1_buffer[5]                                                                                                                                                   ; Merged with line2_buffer[125]                                 ;
; line2_buffer[125]                                                                                                                                                 ; Merged with line2_buffer[117]                                 ;
; line2_buffer[117]                                                                                                                                                 ; Merged with line2_buffer[109]                                 ;
; line2_buffer[109]                                                                                                                                                 ; Merged with line2_buffer[101]                                 ;
; line2_buffer[101]                                                                                                                                                 ; Merged with line2_buffer[93]                                  ;
; line2_buffer[93]                                                                                                                                                  ; Merged with line2_buffer[85]                                  ;
; line2_buffer[85]                                                                                                                                                  ; Merged with line2_buffer[77]                                  ;
; line2_buffer[77]                                                                                                                                                  ; Merged with line2_buffer[69]                                  ;
; line2_buffer[69]                                                                                                                                                  ; Merged with line2_buffer[61]                                  ;
; line2_buffer[61]                                                                                                                                                  ; Merged with line2_buffer[53]                                  ;
; line2_buffer[53]                                                                                                                                                  ; Merged with line2_buffer[45]                                  ;
; line2_buffer[45]                                                                                                                                                  ; Merged with line2_buffer[37]                                  ;
; line2_buffer[37]                                                                                                                                                  ; Merged with line2_buffer[29]                                  ;
; line2_buffer[29]                                                                                                                                                  ; Merged with line2_buffer[21]                                  ;
; lcd16x2_ctrl:instance_lcd16x2|this_op.delay_l[0]                                                                                                                  ; Merged with lcd16x2_ctrl:instance_lcd16x2|this_op.delay_h[0]  ;
; lcd16x2_ctrl:instance_lcd16x2|this_op.delay_l[13]                                                                                                                 ; Merged with lcd16x2_ctrl:instance_lcd16x2|this_op.delay_l[4]  ;
; lcd16x2_ctrl:instance_lcd16x2|this_op.delay_h[4,14,17,18]                                                                                                         ; Merged with lcd16x2_ctrl:instance_lcd16x2|this_op.delay_l[4]  ;
; lcd16x2_ctrl:instance_lcd16x2|this_op.delay_l[7]                                                                                                                  ; Merged with lcd16x2_ctrl:instance_lcd16x2|this_op.delay_l[5]  ;
; lcd16x2_ctrl:instance_lcd16x2|this_op.delay_h[5]                                                                                                                  ; Merged with lcd16x2_ctrl:instance_lcd16x2|this_op.delay_l[5]  ;
; lcd16x2_ctrl:instance_lcd16x2|this_op.delay_l[9,10]                                                                                                               ; Merged with lcd16x2_ctrl:instance_lcd16x2|this_op.delay_l[8]  ;
; lcd16x2_ctrl:instance_lcd16x2|this_op.delay_l[17]                                                                                                                 ; Merged with lcd16x2_ctrl:instance_lcd16x2|this_op.delay_l[15] ;
; lcd16x2_ctrl:instance_lcd16x2|this_op.delay_h[6]                                                                                                                  ; Merged with lcd16x2_ctrl:instance_lcd16x2|this_op.delay_h[2]  ;
; lcd16x2_ctrl:instance_lcd16x2|this_op.delay_h[8]                                                                                                                  ; Merged with lcd16x2_ctrl:instance_lcd16x2|this_op.delay_h[7]  ;
; lcd16x2_ctrl:instance_lcd16x2|this_op.delay_h[10,11]                                                                                                              ; Merged with lcd16x2_ctrl:instance_lcd16x2|this_op.delay_h[9]  ;
; line1_buffer[6,10,12,16,26,41,44,46,51,72,81,82,91,98,100,107,112,117,120..122,124,126]                                                                           ; Merged with line1_buffer[0]                                   ;
; line1_buffer[8,18,20,24,34,38,59,64,67,70,76,80,90,96,97,113,116,125]                                                                                             ; Merged with line1_buffer[106]                                 ;
; spi_next_state.LOAD_DATA                                                                                                                                          ; Stuck at GND due to stuck port data_in                        ;
; spi_curr_state.LOAD_DATA                                                                                                                                          ; Stuck at GND due to stuck port data_in                        ;
; lcd16x2_ctrl:instance_lcd16x2|this_op.delay_h[0]                                                                                                                  ; Merged with lcd16x2_ctrl:instance_lcd16x2|next_state.RESET    ;
; spi_next_state.SEND_DATA                                                                                                                                          ; Merged with spi_next_state.SPI_IDLE                           ;
; spi_curr_state.SEND_DATA                                                                                                                                          ; Merged with spi_curr_state.SPI_IDLE                           ;
; Total Number of Removed Registers = 291                                                                                                                           ;                                                               ;
+-------------------------------------------------------------------------------------------------------------------------------------------------------------------+---------------------------------------------------------------+


+-----------------------------------------------------------------------------------------------+
; Removed Registers Triggering Further Register Optimizations                                   ;
+--------------------------+---------------------------+----------------------------------------+
; Register name            ; Reason for Removal        ; Registers Removed due to This Register ;
+--------------------------+---------------------------+----------------------------------------+
; spi_next_state.LOAD_DATA ; Stuck at GND              ; spi_curr_state.LOAD_DATA               ;
;                          ; due to stuck port data_in ;                                        ;
+--------------------------+---------------------------+----------------------------------------+


+------------------------------------------------------+
; General Register Statistics                          ;
+----------------------------------------------+-------+
; Statistic                                    ; Value ;
+----------------------------------------------+-------+
; Total registers                              ; 361   ;
; Number of registers using Synchronous Clear  ; 2     ;
; Number of registers using Synchronous Load   ; 4     ;
; Number of registers using Asynchronous Clear ; 7     ;
; Number of registers using Asynchronous Load  ; 0     ;
; Number of registers using Clock Enable       ; 182   ;
; Number of registers using Preset             ; 0     ;
+----------------------------------------------+-------+


+-----------------------------------------------------+
; Inverted Register Statistics                        ;
+-------------------------------------------+---------+
; Inverted Register                         ; Fan out ;
+-------------------------------------------+---------+
; spi_slave:instance_spi_slave|preload_miso ; 1       ;
; \heartbeat:count[0]                       ; 2       ;
; \heartbeat:count[31]                      ; 2       ;
; \lcd_message:count[0]                     ; 2       ;
; \lcd_message:count[31]                    ; 2       ;
; Total number of inverted registers = 5    ;         ;
+-------------------------------------------+---------+


+---------------------------------------------------------------------------------------------------------------------------------------------------------------------+
; Multiplexer Restructuring Statistics (Restructuring Performed)                                                                                                      ;
+--------------------+-----------+---------------+----------------------+------------------------+------------+-------------------------------------------------------+
; Multiplexer Inputs ; Bus Width ; Baseline Area ; Area if Restructured ; Saving if Restructured ; Registered ; Example Multiplexer Output                            ;
+--------------------+-----------+---------------+----------------------+------------------------+------------+-------------------------------------------------------+
; 4:1                ; 2 bits    ; 4 LEs         ; 4 LEs                ; 0 LEs                  ; Yes        ; |SPI_Comms|lcd16x2_ctrl:instance_lcd16x2|next_ptr[1]  ;
; 5:1                ; 3 bits    ; 9 LEs         ; 6 LEs                ; 3 LEs                  ; Yes        ; |SPI_Comms|lcd16x2_ctrl:instance_lcd16x2|next_cnt[6]  ;
; 5:1                ; 2 bits    ; 6 LEs         ; 4 LEs                ; 2 LEs                  ; Yes        ; |SPI_Comms|lcd16x2_ctrl:instance_lcd16x2|next_cnt[13] ;
; 7:1                ; 6 bits    ; 24 LEs        ; 12 LEs               ; 12 LEs                 ; Yes        ; |SPI_Comms|lcd16x2_ctrl:instance_lcd16x2|next_cnt[9]  ;
; 4:1                ; 31 bits   ; 62 LEs        ; 62 LEs               ; 0 LEs                  ; No         ; |SPI_Comms|spi_slave:instance_spi_slave|Selector20    ;
; 6:1                ; 2 bits    ; 8 LEs         ; 4 LEs                ; 4 LEs                  ; No         ; |SPI_Comms|Selector0                                  ;
+--------------------+-----------+---------------+----------------------+------------------------+------------+-------------------------------------------------------+


+---------------------------------------------------------------------------+
; Parameter Settings for User Entity Instance: Top-level Entity: |SPI_Comms ;
+----------------+-------+--------------------------------------------------+
; Parameter Name ; Value ; Type                                             ;
+----------------+-------+--------------------------------------------------+
; N              ; 32    ; Signed Integer                                   ;
; CPOL           ; '0'   ; Enumerated                                       ;
; CPHA           ; '0'   ; Enumerated                                       ;
; PREFETCH       ; 3     ; Signed Integer                                   ;
+----------------+-------+--------------------------------------------------+
Note: In order to hide this table in the UI and the text report file, please set the "Show Parameter Settings in Synthesis Report" option in "Analysis and Synthesis Settings -> More Settings" to "Off".


+---------------------------------------------------------------------------+
; Parameter Settings for User Entity Instance: spi_slave:instance_spi_slave ;
+----------------+-------+--------------------------------------------------+
; Parameter Name ; Value ; Type                                             ;
+----------------+-------+--------------------------------------------------+
; n              ; 32    ; Signed Integer                                   ;
; cpol           ; '0'   ; Enumerated                                       ;
; cpha           ; '0'   ; Enumerated                                       ;
; prefetch       ; 3     ; Signed Integer                                   ;
+----------------+-------+--------------------------------------------------+
Note: In order to hide this table in the UI and the text report file, please set the "Show Parameter Settings in Synthesis Report" option in "Analysis and Synthesis Settings -> More Settings" to "Off".


+----------------------------------------------------------------------------+
; Parameter Settings for User Entity Instance: lcd16x2_ctrl:instance_lcd16x2 ;
+----------------+-------+---------------------------------------------------+
; Parameter Name ; Value ; Type                                              ;
+----------------+-------+---------------------------------------------------+
; clk_period_ns  ; 10    ; Signed Integer                                    ;
+----------------+-------+---------------------------------------------------+
Note: In order to hide this table in the UI and the text report file, please set the "Show Parameter Settings in Synthesis Report" option in "Analysis and Synthesis Settings -> More Settings" to "Off".


+--------------------------------------------------------------------------------------------------------------------+
; Port Connectivity Checks: "spi_slave:instance_spi_slave"                                                           ;
+----------+--------+----------+-------------------------------------------------------------------------------------+
; Port     ; Type   ; Severity ; Details                                                                             ;
+----------+--------+----------+-------------------------------------------------------------------------------------+
; di_req_o ; Output ; Info     ; Connected to dangling logic. Logic that only feeds a dangling port will be removed. ;
; wr_ack_o ; Output ; Info     ; Connected to dangling logic. Logic that only feeds a dangling port will be removed. ;
+----------+--------+----------+-------------------------------------------------------------------------------------+


+-----------------------------------------------------+
; Post-Synthesis Netlist Statistics for Top Partition ;
+-----------------------+-----------------------------+
; Type                  ; Count                       ;
+-----------------------+-----------------------------+
; boundary_port         ; 47                          ;
; cycloneiii_ff         ; 361                         ;
;     CLR               ; 7                           ;
;     ENA               ; 182                         ;
;     SCLR              ; 2                           ;
;     SLD               ; 4                           ;
;     plain             ; 166                         ;
; cycloneiii_lcell_comb ; 374                         ;
;     arith             ; 82                          ;
;         2 data inputs ; 82                          ;
;     normal            ; 292                         ;
;         0 data inputs ; 1                           ;
;         1 data inputs ; 11                          ;
;         2 data inputs ; 61                          ;
;         3 data inputs ; 35                          ;
;         4 data inputs ; 184                         ;
;                       ;                             ;
; Max LUT depth         ; 5.10                        ;
; Average LUT depth     ; 2.78                        ;
+-----------------------+-----------------------------+


+-------------------------------+
; Elapsed Time Per Partition    ;
+----------------+--------------+
; Partition Name ; Elapsed Time ;
+----------------+--------------+
; Top            ; 00:00:01     ;
+----------------+--------------+


+-------------------------------+
; Analysis & Synthesis Messages ;
+-------------------------------+
Info: *******************************************************************
Info: Running Quartus II 64-Bit Analysis & Synthesis
    Info: Version 15.0.2 Build 153 07/15/2015 SJ Web Edition
    Info: Processing started: Tue Sep 08 13:58:00 2015
Info: Command: quartus_map --read_settings_files=on --write_settings_files=off SPI_Comms -c SPI_Comms
Info (11104): Parallel Compilation has detected 8 hyper-threaded processors. However, the extra hyper-threaded processors will not be used by default. Parallel Compilation will use 4 of the 4 physical processors detected instead.
Info (12021): Found 2 design units, including 0 entities, in source file ssd_decode.vhd
    Info (12022): Found design unit 1: SSD
    Info (12022): Found design unit 2: SSD-body
Info (12021): Found 2 design units, including 1 entities, in source file spi_slave.vhdl
    Info (12022): Found design unit 1: spi_slave-rtl
    Info (12023): Found entity 1: spi_slave
Info (12021): Found 2 design units, including 1 entities, in source file spi_comms.vhd
    Info (12022): Found design unit 1: SPI_Comms-Structural
    Info (12023): Found entity 1: SPI_Comms
Info (12127): Elaborating entity "SPI_Comms" for the top level hierarchy
Warning (10036): Verilog HDL or VHDL warning at SPI_Comms.vhd(93): object "led_cmd" assigned a value but never read
Warning (10036): Verilog HDL or VHDL warning at SPI_Comms.vhd(103): object "s_di_req_o" assigned a value but never read
Info (12128): Elaborating entity "spi_slave" for hierarchy "spi_slave:instance_spi_slave"
Warning (12125): Using design file lcd16x2_ctrl.vhd, which is not specified as a design file for the current project, but contains definitions for 2 design units and 1 entities in project
    Info (12022): Found design unit 1: lcd16x2_ctrl-rtl
    Info (12023): Found entity 1: lcd16x2_ctrl
Info (12128): Elaborating entity "lcd16x2_ctrl" for hierarchy "lcd16x2_ctrl:instance_lcd16x2"
Info (13000): Registers with preset signals will power-up high
Info (13003): DEV_CLRn pin will set, and not reset, register with preset signal due to NOT Gate Push-Back
Warning (13024): Output pins are stuck at VCC or GND
    Warning (13410): Pin "lcd_rw" is stuck at GND
Info (286030): Timing-Driven Synthesis is running
Info (16010): Generating hard_block partition "hard_block:auto_generated_inst"
    Info (16011): Adding 0 node(s), including 0 DDIO, 0 PLL, 0 transceiver and 0 LCELL
Info (21057): Implemented 614 device resources after synthesis - the final resource count might be different
    Info (21058): Implemented 5 input pins
    Info (21059): Implemented 42 output pins
    Info (21061): Implemented 567 logic cells
Info: Quartus II 64-Bit Analysis & Synthesis was successful. 0 errors, 5 warnings
    Info: Peak virtual memory: 748 megabytes
    Info: Processing ended: Tue Sep 08 13:58:11 2015
    Info: Elapsed time: 00:00:11
    Info: Total CPU time (on all processors): 00:00:23


